--- STARTING E2E BACKEND TESTS (AXIOS) ---

--- 1. Register/Login as Patient ---
Reg Pt: 500 false
Login Pt: 400 false

--- 2. Create Profile ---
Create Prof: 500 false

--- 3. Upload PDF ---
Upload PDF: 401 false

--- 4. List Docs ---
Docs List: 401 false

--- 5. Upload Invalid File ---
Upload Txt (400): 401 undefined

--- 6. Upload Large File ---
Upload Lrg (400/500): 401 { success: false, message: 'Not authorized, no token provided' }

--- 7. Register/Login Worker ---
Reg Wrk: 500 undefined
Login Wrk: 500 false

--- 8. Unauthorized Doc Access (blocked) ---
Block 403: 500

--- 9. Delete Doc ---
Del Doc: 500 undefined
--- DONE ---
